// Jest Snapshot v1, https://goo.gl/fbAQLP

exports[`UserInNav renders UserInNav component without crashing 1`] = `
<div>
  <div
    className="top-4 right-4 rounded-sm"
  >
    <button
      className="px-4 py-2 text-white bg-gray-700 rounded-lg hover:bg-gray-800 focus:outline-none"
      onClick={[Function]}
    >
      Login
    </button>
    <button
      className="px-4 py-2 text-white bg-gray-700 rounded-lg hover:bg-gray-800 focus:outline-none"
      onClick={[Function]}
    >
      Signup
    </button>
  </div>
</div>
`;
